// Vitest Snapshot v1, https://vitest.dev/guide/snapshot.html

exports[`App > render <App /> correctly 1`] = `
<div>
  <h1>
    hi
  </h1>
</div>
`;
